cat.gram
chat.gram
cheval.gram
chien.gram
cmudict-en-us.dict
cmusphinx-fr-ptm-8khz-5.2/README
cmusphinx-fr-ptm-8khz-5.2/feat.params
cmusphinx-fr-ptm-8khz-5.2/mdef
cmusphinx-fr-ptm-8khz-5.2/means
cmusphinx-fr-ptm-8khz-5.2/mixture_weights
cmusphinx-fr-ptm-8khz-5.2/noisedict
cmusphinx-fr-ptm-8khz-5.2/sendump
cmusphinx-fr-ptm-8khz-5.2/transition_matrices
cmusphinx-fr-ptm-8khz-5.2/variances
cow.gram
designer.gram
designereng.gram
dog.gram
en-us-ptm/README
en-us-ptm/feat.params
en-us-ptm/mdef
en-us-ptm/means
en-us-ptm/noisedict
en-us-ptm/sendump
en-us-ptm/transition_matrices
en-us-ptm/variances
fr.dict
fr.gram
gazelle.gram
gazellefr.gram
geo_categorie.gram
geo_categorie_fr.gram
horse.gram
lion.gram
lionfr.gram
medecin_categorie.gram
medecin_categorie_fr.gram
medecin_mamchach.gram
medecin_mamchach_fr.gram
monkey.gram
mouton.gram
niveau_trois_fr.gram
niveau_trois_gram.gram
niveau_un_art.gram
niveau_un_art_fr.gram
niveau_un_nour.gram
niveau_un_nour_fr.gram
object_categorie.gram
object_categorie_fr.gram
oignon.gram
onion.gram
panda.gram
pandafr.gram
sheep.gram
singe.gram
sport_categorie.gram
sport_categorie_fr.gram
stage.gram
techno_categorie.gram
techno_categorie_fr.gram
television_categorie.gram
television_categorie_fr.gram
tiger.gram
tigerfr.gram
trans_categorie.gram
trans_categorie_fr.gram
vache.gram